---
source: tests/presenter_narrow.rs
expression: out
---
"┌main.rs─────────────────────────┐"
"│┌Annotations (12)──────────────┐│"
"││                              ││"
"││ src/file-07.rs:8 — narrow a… ││"
"││ src/file-08.rs:9 — narrow a… ││"
"││ src/file-09.rs:10 — narrow … ││"
"││ src/file-10.rs:11 — narrow … ││"
"││                              ││"
"│└sc/q close────────────────────┘│"
"└Source────annotations: 12─? help┘"
